// Jest Snapshot v1, https://goo.gl/fbAQLP

exports[`should render login page  1`] = `
<div>
  <form>
    username: 
    <input
      id="username"
      type="text"
    />
    password: 
    <input
      id="password"
      type="password"
    />
    <button
      id="submitBtn"
      onClick={[Function]}
      type="submit"
    >
       Login to Expensify 
    </button>
  </form>
</div>
`;
